<?xml version="1.0" encoding="UTF-8"?>
<TestRun id="f311c4f2-9f25-4eb6-8d34-9771653bda5b" name="achahal@S24S104 2012-10-01 10:58:55" runUser="ESCOUTNET\achahal" xmlns="http://microsoft.com/schemas/VisualStudio/TeamTest/2010">
  <TestSettings name="Local" id="0d33e25a-afb8-41e4-bb28-a41606500ef1">
    <Description>These are default test settings for a local test run.</Description>
    <Deployment userDeploymentRoot="D:\ajit\rnd\WinServiceInstallerTest\TestResults" useDefaultDeploymentRoot="false" enabled="false" runDeploymentRoot="achahal_S24S104 2012-10-01 10_58_55">
      <DeploymentItem filename="D:\ajit\rnd\WinServiceInstallerTest\WinServiceInstallerTest\bin\Debug\WinServiceInstallerTest.exe" />
    </Deployment>
    <Execution>
      <TestTypeSpecific />
      <AgentRule name="Execution Agents">
      </AgentRule>
    </Execution>
  </TestSettings>
  <Times creation="2012-10-01T10:58:55.2949309+02:00" queuing="2012-10-01T10:58:56.0459309+02:00" start="2012-10-01T10:58:56.0849309+02:00" finish="2012-10-01T10:59:07.3639309+02:00" />
  <ResultSummary outcome="Error">
    <Counters total="1" executed="1" error="0" failed="0" timeout="0" aborted="1" inconclusive="0" passedButRunAborted="0" notRunnable="0" notExecuted="0" disconnected="0" warning="0" passed="0" completed="0" inProgress="0" pending="0" />
    <RunInfos>
      <RunInfo computerName="S24S104" outcome="Warning" timestamp="2012-10-01T10:58:55.3199309+02:00">
        <Text>Deployment is currently disabled. The deployment item 'WinServiceInstallerTest.exe' on test 'TestProject1.Service1Test.timer1_TickTest' was not deployed.</Text>
      </RunInfo>
      <RunInfo computerName="S24S104" outcome="Error" timestamp="2012-10-01T10:59:07.3629309+02:00">
        <Text>Test host process exited unexpectedly.</Text>
      </RunInfo>
    </RunInfos>
  </ResultSummary>
  <TestDefinitions>
    <UnitTest name="timer1_TickTest" storage="d:\ajit\rnd\winserviceinstallertest\testproject1\bin\debug\testproject1.dll" id="26b6276e-df2d-f317-1a38-781c6f9824db">
      <DeploymentItems>
        <DeploymentItem filename="WinServiceInstallerTest.exe" />
      </DeploymentItems>
      <Execution id="96366e2c-5982-4737-a47d-413b1c3940c9" />
      <TestMethod codeBase="D:/ajit/rnd/WinServiceInstallerTest/TestProject1/bin/Debug/TestProject1.DLL" adapterTypeName="Microsoft.VisualStudio.TestTools.TestTypes.Unit.UnitTestAdapter, Microsoft.VisualStudio.QualityTools.Tips.UnitTest.Adapter, Version=10.0.0.0, Culture=neutral, PublicKeyToken=b03f5f7f11d50a3a" className="TestProject1.Service1Test, TestProject1, Version=1.0.0.0, Culture=neutral, PublicKeyToken=null" name="timer1_TickTest" />
    </UnitTest>
  </TestDefinitions>
  <TestLists>
    <TestList name="Results Not in a List" id="8c84fa94-04c1-424b-9868-57a2d4851a1d" />
    <TestList name="All Loaded Results" id="19431567-8539-422a-85d7-44ee4e166bda" />
  </TestLists>
  <TestEntries>
    <TestEntry testId="26b6276e-df2d-f317-1a38-781c6f9824db" executionId="96366e2c-5982-4737-a47d-413b1c3940c9" testListId="8c84fa94-04c1-424b-9868-57a2d4851a1d" />
  </TestEntries>
  <Results>
    <UnitTestResult executionId="96366e2c-5982-4737-a47d-413b1c3940c9" testId="26b6276e-df2d-f317-1a38-781c6f9824db" testName="timer1_TickTest" computerName="S24S104" duration="00:00:11.2500000" startTime="2012-10-01T10:58:56.1129309+02:00" endTime="2012-10-01T10:59:07.3629309+02:00" testType="13cdc9d9-ddb5-4fa4-a97d-d965ccfc6d4b" outcome="Aborted" testListId="8c84fa94-04c1-424b-9868-57a2d4851a1d" relativeResultsDirectory="96366e2c-5982-4737-a47d-413b1c3940c9">
    </UnitTestResult>
  </Results>
</TestRun>