<?xml version="1.0" encoding="UTF-8"?>
<TestRun id="a8ab4105-a276-469a-8bb7-adb6f1a27092" name="achahal@S24S104 2012-08-30 17:12:54" runUser="ESCOUTNET\achahal" xmlns="http://microsoft.com/schemas/VisualStudio/TeamTest/2010">
  <TestSettings name="Local" id="5069fc2f-3c19-48d3-ac04-26a734c6588f">
    <Description>These are default test settings for a local test run.</Description>
    <Deployment enabled="false" runDeploymentRoot="achahal_S24S104 2012-08-30 17_12_54">
      <DeploymentItem filename="D:\ajit\rnd\ActiveRecordRelations\packages\NHibernate.3.1.0.4000\lib\Net35\NHibernate.dll" />
      <DeploymentItem filename="D:\ajit\rnd\ActiveRecordRelations\ARR.Business\bin\Debug\ARR.Business.dll" />
      <DeploymentItem filename="D:\ajit\rnd\ActiveRecordRelations\shared\Castle.ActiveRecord.Web.dll" />
      <DeploymentItem filename="D:\ajit\rnd\ActiveRecordRelations\packages\Iesi.Collections.3.1.0.4000\lib\Net35\Iesi.Collections.dll" />
      <DeploymentItem filename="D:\ajit\rnd\ActiveRecordRelations\shared\Castle.Components.Validator.dll" />
      <DeploymentItem filename="D:\ajit\rnd\ActiveRecordRelations\shared\Castle.Core.dll" />
      <DeploymentItem filename="D:\ajit\rnd\ActiveRecordRelations\shared\Castle.ActiveRecord.dll" />
      <DeploymentItem filename="D:\ajit\rnd\ActiveRecordRelations\shared\NHibernate.ByteCode.Castle.dll" />
    </Deployment>
    <Execution>
      <TestTypeSpecific />
      <AgentRule name="Execution Agents">
      </AgentRule>
    </Execution>
  </TestSettings>
  <Times creation="2012-08-30T17:12:54.3908138+02:00" queuing="2012-08-30T17:12:54.6338381+02:00" start="2012-08-30T17:12:54.6378385+02:00" finish="2012-08-30T17:12:55.7819529+02:00" />
  <ResultSummary outcome="Completed">
    <Counters total="1" executed="1" passed="1" error="0" failed="0" timeout="0" aborted="0" inconclusive="0" passedButRunAborted="0" notRunnable="0" notExecuted="0" disconnected="0" warning="0" completed="0" inProgress="0" pending="0" />
  </ResultSummary>
  <TestDefinitions>
    <UnitTest name="NewProductTest" storage="d:\ajit\rnd\activerecordrelations\testproject1\bin\debug\testproject1.dll" id="319d5af7-16c1-e654-f047-b7bc517e16ee">
      <Execution id="ff80cd6a-51e8-4b48-bdf0-254f4befb7e0" />
      <TestMethod codeBase="D:/ajit/rnd/ActiveRecordRelations/TestProject1/bin/Debug/TestProject1.DLL" adapterTypeName="Microsoft.VisualStudio.TestTools.TestTypes.Unit.UnitTestAdapter, Microsoft.VisualStudio.QualityTools.Tips.UnitTest.Adapter, Version=10.0.0.0, Culture=neutral, PublicKeyToken=b03f5f7f11d50a3a" className="TestProject1.ProductTest, TestProject1, Version=1.0.0.0, Culture=neutral, PublicKeyToken=null" name="NewProductTest" />
    </UnitTest>
  </TestDefinitions>
  <TestLists>
    <TestList name="Results Not in a List" id="8c84fa94-04c1-424b-9868-57a2d4851a1d" />
    <TestList name="All Loaded Results" id="19431567-8539-422a-85d7-44ee4e166bda" />
  </TestLists>
  <TestEntries>
    <TestEntry testId="319d5af7-16c1-e654-f047-b7bc517e16ee" executionId="ff80cd6a-51e8-4b48-bdf0-254f4befb7e0" testListId="8c84fa94-04c1-424b-9868-57a2d4851a1d" />
  </TestEntries>
  <Results>
    <UnitTestResult executionId="ff80cd6a-51e8-4b48-bdf0-254f4befb7e0" testId="319d5af7-16c1-e654-f047-b7bc517e16ee" testName="NewProductTest" computerName="S24S104" duration="00:00:00.3351011" startTime="2012-08-30T17:12:54.6388386+02:00" endTime="2012-08-30T17:12:55.7709518+02:00" testType="13cdc9d9-ddb5-4fa4-a97d-d965ccfc6d4b" outcome="Passed" testListId="8c84fa94-04c1-424b-9868-57a2d4851a1d" relativeResultsDirectory="ff80cd6a-51e8-4b48-bdf0-254f4befb7e0">
    </UnitTestResult>
  </Results>
</TestRun>